// Jest Snapshot v1, https://goo.gl/fbAQLP

exports[`components/IconLoader should render properly 1`] = `
<WithStyles(CircularProgress)
  className="test_class"
  size={15}
  thickness={1}
/>
`;
