// Jest Snapshot v1, https://goo.gl/fbAQLP

exports[`components/SnackbarRaw should render properly 1`] = `
<WithStyles(Snackbar)
  SnackbarContentProps={
    Object {
      "aria-describedby": "message-id",
    }
  }
  action={
    Array [
      <WithStyles(Button)
        color="secondary"
        onClick={[Function]}
        size="small"
    >
        Close
    </WithStyles(Button)>,
    ]
  }
  anchorOrigin={
    Object {
      "horizontal": "right",
      "vertical": "top",
    }
  }
  autoHideDuration={6000}
  onClose={[Function]}
  open={false}
/>
`;
